// Jest Snapshot v1, https://goo.gl/fbAQLP

exports[`<Tile /> renders correctly 1`] = `
<View
  accessible={true}
  isTVSelectable={true}
  onResponderGrant={[Function]}
  onResponderMove={[Function]}
  onResponderRelease={[Function]}
  onResponderTerminate={[Function]}
  onResponderTerminationRequest={[Function]}
  onStartShouldSetResponder={[Function]}
  style={
    Object {
      "opacity": 1,
    }
  }
>
  <View
    style={
      Array [
        Object {
          "backgroundColor": undefined,
          "borderColor": undefined,
        },
        Object {
          "alignSelf": "center",
          "borderRadius": 10,
          "borderWidth": 1,
          "height": 100,
          "marginHorizontal": 5,
          "marginVertical": 3,
          "paddingHorizontal": 10,
          "width": "95%",
        },
      ]
    }
  >
    <Text
      style={
        Array [
          Object {
            "fontSize": 20,
            "paddingBottom": "5%",
            "paddingTop": "2%",
          },
          Object {
            "color": undefined,
          },
        ]
      }
    />
    <Text
      style={
        Array [
          Object {
            "color": undefined,
          },
        ]
      }
    />
  </View>
</View>
`;
